[Map]
image=_25_ small - Wonder World.bmp
wrap=no
scroll=none
warn=no
author=_MIKE CRUSH_

[Continents]
SVENDOUSE=1
GRENDOLA=2
FASCOL=1
PROMLA=2
MIDRAYGH=2
PINKSIT=1


[Territories]
sven1,44,17,SVENDOUSE,sven2,sven3
sven2,66,20,SVENDOUSE,sven1,sven3,sven4
sven3,41,36,SVENDOUSE,sven1,sven2,sven4,sven5
sven4,59,42,SVENDOUSE,sven2,sven3,sven5,sven6
sven5,43,61,SVENDOUSE,sven3,sven4,sven6,gren1
sven6,69,61,SVENDOUSE,sven4,sven5,sven7,pink1
sven7,61,89,SVENDOUSE,sven6,gren2

gren1,45,113,GRENDOLA,gren2,gren5,gren6,sven5
gren2,72,114,GRENDOLA,gren1,gren3,gren4,gren6,sven7
gren3,89,94,GRENDOLA,gren2,gren4
gren4,99,115,GRENDOLA,gren2,gren3,gren6,gren7,pink1,mid2
gren5,48,142,GRENDOLA,gren1,gren6,gren7,fas1
gren6,77,135,GRENDOLA,gren1,gren2,gren4,gren5,gren7
gren7,94,152,GRENDOLA,gren4,gren5,gren6,fas1,fas2,mid2

fas1,46,175,FASCOL,fas2,fas3,gren5,gren7
fas2,96,177,FASCOL,fas1,fas3,fas4,fas5,gren7,prom1
fas3,53,201,FASCOL,fas1,fas2,fas4
fas4,86,198,FASCOL,fas2,fas3,fas5
fas5,118,196,FASCOL,fas2,fas4,prom4

prom1,143,173,PROMLA,prom4,fas2,mid3
prom2,178,164,PROMLA,prom5,mid3,mid4
prom3,207,156,PROMLA,prom6,mid4,mid5
prom4,146,193,PROMLA,prom1,prom7,fas5
prom5,174,178,PROMLA,prom2,prom6
prom6,201,181,PROMLA,prom3,prom5,prom7,prom8
prom7,173,201,PROMLA,prom4,prom6,prom8
prom8,208,197,PROMLA,prom6,prom7

mid1,147,107,MIDRAYGH,mid2,mid3,mid4,pink1,pink6
mid2,127,131,MIDRAYGH,mid1,mid3,gren4,gren7
mid3,148,139,MIDRAYGH,mid1,mid2,mid4,prom1,prom2
mid4,172,127,MIDRAYGH,mid1,mid3,mid5,pink6,prom2,prom3
mid5,199,119,MIDRAYGH,mid4,pink7,prom3

pink1,114,75,PINKSIT,pink2,gren4,sven6,mid1
pink2,143,79,PINKSIT,pink1,pink3
pink3,162,68,PINKSIT,pink2,pink4
pink4,186,68,PINKSIT,pink3,pink5,pink6
pink5,207,67,PINKSIT,pink4,pink7
pink6,171,94,PINKSIT,pink4,mid1,mid4
pink7,206,87,PINKSIT,pink5,mid5



 




